// Jest Snapshot v1, https://goo.gl/fbAQLP

exports[`Directive_Ctp_Filter_Io Specific filter, should match Snapshot 1`] = `"[{\\"productName\\":\\"Office Standard\\",\\"productCategory\\":\\"5764995907042_9b26\\"}]"`;
